App.tsx(68,5): error TS2339: Property 'div' does not exist on type 'JSX.IntrinsicElements'.
App.tsx(70,7): error TS2339: Property 'header' does not exist on type 'JSX.IntrinsicElements'.
App.tsx(71,9): error TS2339: Property 'div' does not exist on type 'JSX.IntrinsicElements'.
App.tsx(72,11): error TS2339: Property 'div' does not exist on type 'JSX.IntrinsicElements'.
App.tsx(73,13): error TS2339: Property 'svg' does not exist on type 'JSX.IntrinsicElements'.
App.tsx(74,15): error TS2339: Property 'path' does not exist on type 'JSX.IntrinsicElements'.
App.tsx(75,13): error TS2339: Property 'svg' does not exist on type 'JSX.IntrinsicElements'.
App.tsx(76,11): error TS2339: Property 'div' does not exist on type 'JSX.IntrinsicElements'.
App.tsx(77,11): error TS2339: Property 'div' does not exist on type 'JSX.IntrinsicElements'.
App.tsx(78,13): error TS2339: Property 'h1' does not exist on type 'JSX.IntrinsicElements'.
App.tsx(78,77): error TS2339: Property 'span' does not exist on type 'JSX.IntrinsicElements'.
App.tsx(78,117): error TS2339: Property 'span' does not exist on type 'JSX.IntrinsicElements'.
App.tsx(78,124): error TS2339: Property 'h1' does not exist on type 'JSX.IntrinsicElements'.
App.tsx(79,13): error TS2339: Property 'p' does not exist on type 'JSX.IntrinsicElements'.
App.tsx(79,115): error TS2339: Property 'p' does not exist on type 'JSX.IntrinsicElements'.
App.tsx(80,11): error TS2339: Property 'div' does not exist on type 'JSX.IntrinsicElements'.
App.tsx(81,9): error TS2339: Property 'div' does not exist on type 'JSX.IntrinsicElements'.
App.tsx(83,9): error TS2339: Property 'nav' does not exist on type 'JSX.IntrinsicElements'.
App.tsx(84,13): error TS2339: Property 'button' does not exist on type 'JSX.IntrinsicElements'.
App.tsx(89,13): error TS2339: Property 'button' does not exist on type 'JSX.IntrinsicElements'.
App.tsx(90,13): error TS2339: Property 'button' does not exist on type 'JSX.IntrinsicElements'.
App.tsx(95,13): error TS2339: Property 'button' does not exist on type 'JSX.IntrinsicElements'.
App.tsx(96,9): error TS2339: Property 'nav' does not exist on type 'JSX.IntrinsicElements'.
App.tsx(97,7): error TS2339: Property 'header' does not exist on type 'JSX.IntrinsicElements'.
App.tsx(100,7): error TS2339: Property 'main' does not exist on type 'JSX.IntrinsicElements'.
App.tsx(102,9): error TS2339: Property 'aside' does not exist on type 'JSX.IntrinsicElements'.
App.tsx(103,11): error TS2339: Property 'div' does not exist on type 'JSX.IntrinsicElements'.
App.tsx(104,13): error TS2339: Property 'section' does not exist on type 'JSX.IntrinsicElements'.
App.tsx(105,15): error TS2339: Property 'h2' does not exist on type 'JSX.IntrinsicElements'.
App.tsx(105,118): error TS2339: Property 'h2' does not exist on type 'JSX.IntrinsicElements'.
App.tsx(106,15): error TS2339: Property 'div' does not exist on type 'JSX.IntrinsicElements'.
App.tsx(107,17): error TS2339: Property 'div' does not exist on type 'JSX.IntrinsicElements'.
App.tsx(108,19): error TS2339: Property 'span' does not exist on type 'JSX.IntrinsicElements'.
App.tsx(108,89): error TS2339: Property 'span' does not exist on type 'JSX.IntrinsicElements'.
App.tsx(109,19): error TS2339: Property 'span' does not exist on type 'JSX.IntrinsicElements'.
App.tsx(109,125): error TS2339: Property 'span' does not exist on type 'JSX.IntrinsicElements'.
App.tsx(110,17): error TS2339: Property 'div' does not exist on type 'JSX.IntrinsicElements'.
App.tsx(111,17): error TS2339: Property 'div' does not exist on type 'JSX.IntrinsicElements'.
App.tsx(113,21): error TS2339: Property 'button' does not exist on type 'JSX.IntrinsicElements'.
App.tsx(119,21): error TS2339: Property 'button' does not exist on type 'JSX.IntrinsicElements'.
App.tsx(121,17): error TS2339: Property 'div' does not exist on type 'JSX.IntrinsicElements'.
App.tsx(122,15): error TS2339: Property 'div' does not exist on type 'JSX.IntrinsicElements'.
App.tsx(123,13): error TS2339: Property 'section' does not exist on type 'JSX.IntrinsicElements'.
App.tsx(125,13): error TS2339: Property 'section' does not exist on type 'JSX.IntrinsicElements'.
App.tsx(126,15): error TS2339: Property 'h2' does not exist on type 'JSX.IntrinsicElements'.
App.tsx(126,115): error TS2339: Property 'h2' does not exist on type 'JSX.IntrinsicElements'.
App.tsx(134,13): error TS2339: Property 'section' does not exist on type 'JSX.IntrinsicElements'.
App.tsx(136,13): error TS2339: Property 'section' does not exist on type 'JSX.IntrinsicElements'.
App.tsx(137,16): error TS2339: Property 'h2' does not exist on type 'JSX.IntrinsicElements'.
App.tsx(137,120): error TS2339: Property 'h2' does not exist on type 'JSX.IntrinsicElements'.
App.tsx(138,16): error TS2339: Property 'div' does not exist on type 'JSX.IntrinsicElements'.
App.tsx(139,19): error TS2339: Property 'div' does not exist on type 'JSX.IntrinsicElements'.
App.tsx(141,27): error TS2339: Property 'div' does not exist on type 'JSX.IntrinsicElements'.
App.tsx(146,31): error TS2339: Property 'div' does not exist on type 'JSX.IntrinsicElements'.
App.tsx(148,31): error TS2339: Property 'div' does not exist on type 'JSX.IntrinsicElements'.
App.tsx(149,27): error TS2339: Property 'div' does not exist on type 'JSX.IntrinsicElements'.
App.tsx(151,19): error TS2339: Property 'div' does not exist on type 'JSX.IntrinsicElements'.
App.tsx(152,19): error TS2339: Property 'div' does not exist on type 'JSX.IntrinsicElements'.
App.tsx(153,23): error TS2339: Property 'span' does not exist on type 'JSX.IntrinsicElements'.
App.tsx(153,31): error TS2339: Property 'span' does not exist on type 'JSX.IntrinsicElements'.
App.tsx(154,23): error TS2339: Property 'span' does not exist on type 'JSX.IntrinsicElements'.
App.tsx(154,73): error TS2339: Property 'span' does not exist on type 'JSX.IntrinsicElements'.
App.tsx(155,19): error TS2339: Property 'div' does not exist on type 'JSX.IntrinsicElements'.
App.tsx(156,16): error TS2339: Property 'div' does not exist on type 'JSX.IntrinsicElements'.
App.tsx(157,13): error TS2339: Property 'section' does not exist on type 'JSX.IntrinsicElements'.
App.tsx(158,11): error TS2339: Property 'div' does not exist on type 'JSX.IntrinsicElements'.
App.tsx(159,9): error TS2339: Property 'aside' does not exist on type 'JSX.IntrinsicElements'.
App.tsx(162,9): error TS2339: Property 'section' does not exist on type 'JSX.IntrinsicElements'.
App.tsx(166,13): error TS2339: Property 'div' does not exist on type 'JSX.IntrinsicElements'.
App.tsx(167,17): error TS2339: Property 'div' does not exist on type 'JSX.IntrinsicElements'.
App.tsx(168,21): error TS2339: Property 'header' does not exist on type 'JSX.IntrinsicElements'.
App.tsx(169,25): error TS2339: Property 'h2' does not exist on type 'JSX.IntrinsicElements'.
App.tsx(169,109): error TS2339: Property 'h2' does not exist on type 'JSX.IntrinsicElements'.
App.tsx(170,25): error TS2339: Property 'p' does not exist on type 'JSX.IntrinsicElements'.
App.tsx(170,101): error TS2339: Property 'p' does not exist on type 'JSX.IntrinsicElements'.
App.tsx(171,21): error TS2339: Property 'header' does not exist on type 'JSX.IntrinsicElements'.
App.tsx(173,21): error TS2339: Property 'div' does not exist on type 'JSX.IntrinsicElements'.
App.tsx(179,25): error TS2339: Property 'div' does not exist on type 'JSX.IntrinsicElements'.
App.tsx(180,29): error TS2339: Property 'div' does not exist on type 'JSX.IntrinsicElements'.
App.tsx(180,213): error TS2339: Property 'div' does not exist on type 'JSX.IntrinsicElements'.
App.tsx(181,29): error TS2339: Property 'div' does not exist on type 'JSX.IntrinsicElements'.
App.tsx(182,33): error TS2339: Property 'h3' does not exist on type 'JSX.IntrinsicElements'.
App.tsx(182,87): error TS2339: Property 'h3' does not exist on type 'JSX.IntrinsicElements'.
App.tsx(183,33): error TS2339: Property 'p' does not exist on type 'JSX.IntrinsicElements'.
App.tsx(183,107): error TS2339: Property 'p' does not exist on type 'JSX.IntrinsicElements'.
App.tsx(184,29): error TS2339: Property 'div' does not exist on type 'JSX.IntrinsicElements'.
App.tsx(185,25): error TS2339: Property 'div' does not exist on type 'JSX.IntrinsicElements'.
App.tsx(187,21): error TS2339: Property 'div' does not exist on type 'JSX.IntrinsicElements'.
App.tsx(188,17): error TS2339: Property 'div' does not exist on type 'JSX.IntrinsicElements'.
App.tsx(189,13): error TS2339: Property 'div' does not exist on type 'JSX.IntrinsicElements'.
App.tsx(191,9): error TS2339: Property 'section' does not exist on type 'JSX.IntrinsicElements'.
App.tsx(192,7): error TS2339: Property 'main' does not exist on type 'JSX.IntrinsicElements'.
App.tsx(193,5): error TS2339: Property 'div' does not exist on type 'JSX.IntrinsicElements'.
components/SignalInput.tsx(134,5): error TS2339: Property 'div' does not exist on type 'JSX.IntrinsicElements'.
components/SignalInput.tsx(135,7): error TS2339: Property 'div' does not exist on type 'JSX.IntrinsicElements'.
components/SignalInput.tsx(137,11): error TS2339: Property 'button' does not exist on type 'JSX.IntrinsicElements'.
components/SignalInput.tsx(147,11): error TS2339: Property 'button' does not exist on type 'JSX.IntrinsicElements'.
components/SignalInput.tsx(149,7): error TS2339: Property 'div' does not exist on type 'JSX.IntrinsicElements'.
components/SignalInput.tsx(151,7): error TS2339: Property 'div' does not exist on type 'JSX.IntrinsicElements'.
components/SignalInput.tsx(153,11): error TS2339: Property 'div' does not exist on type 'JSX.IntrinsicElements'.
components/SignalInput.tsx(154,13): error TS2339: Property 'div' does not exist on type 'JSX.IntrinsicElements'.
components/SignalInput.tsx(155,16): error TS2339: Property 'p' does not exist on type 'JSX.IntrinsicElements'.
components/SignalInput.tsx(155,82): error TS2339: Property 'p' does not exist on type 'JSX.IntrinsicElements'.
components/SignalInput.tsx(156,16): error TS2339: Property 'button' does not exist on type 'JSX.IntrinsicElements'.
components/SignalInput.tsx(161,16): error TS2339: Property 'button' does not exist on type 'JSX.IntrinsicElements'.
components/SignalInput.tsx(162,13): error TS2339: Property 'div' does not exist on type 'JSX.IntrinsicElements'.
components/SignalInput.tsx(163,13): error TS2339: Property 'div' does not exist on type 'JSX.IntrinsicElements'.
components/SignalInput.tsx(164,17): error TS2339: Property 'canvas' does not exist on type 'JSX.IntrinsicElements'.
components/SignalInput.tsx(177,13): error TS2339: Property 'div' does not exist on type 'JSX.IntrinsicElements'.
components/SignalInput.tsx(178,11): error TS2339: Property 'div' does not exist on type 'JSX.IntrinsicElements'.
components/SignalInput.tsx(182,11): error TS2339: Property 'div' does not exist on type 'JSX.IntrinsicElements'.
components/SignalInput.tsx(183,14): error TS2339: Property 'div' does not exist on type 'JSX.IntrinsicElements'.
components/SignalInput.tsx(184,17): error TS2339: Property 'label' does not exist on type 'JSX.IntrinsicElements'.
components/SignalInput.tsx(184,118): error TS2339: Property 'label' does not exist on type 'JSX.IntrinsicElements'.
components/SignalInput.tsx(185,17): error TS2339: Property 'textarea' does not exist on type 'JSX.IntrinsicElements'.
components/SignalInput.tsx(191,13): error TS2339: Property 'div' does not exist on type 'JSX.IntrinsicElements'.
components/SignalInput.tsx(192,13): error TS2339: Property 'button' does not exist on type 'JSX.IntrinsicElements'.
components/SignalInput.tsx(197,13): error TS2339: Property 'button' does not exist on type 'JSX.IntrinsicElements'.
components/SignalInput.tsx(198,13): error TS2339: Property 'div' does not exist on type 'JSX.IntrinsicElements'.
components/SignalInput.tsx(199,17): error TS2339: Property 'button' does not exist on type 'JSX.IntrinsicElements'.
components/SignalInput.tsx(199,162): error TS2339: Property 'button' does not exist on type 'JSX.IntrinsicElements'.
components/SignalInput.tsx(200,17): error TS2339: Property 'button' does not exist on type 'JSX.IntrinsicElements'.
components/SignalInput.tsx(200,201): error TS2339: Property 'button' does not exist on type 'JSX.IntrinsicElements'.
components/SignalInput.tsx(201,17): error TS2339: Property 'button' does not exist on type 'JSX.IntrinsicElements'.
components/SignalInput.tsx(201,152): error TS2339: Property 'button' does not exist on type 'JSX.IntrinsicElements'.
components/SignalInput.tsx(202,17): error TS2339: Property 'button' does not exist on type 'JSX.IntrinsicElements'.
components/SignalInput.tsx(202,155): error TS2339: Property 'button' does not exist on type 'JSX.IntrinsicElements'.
components/SignalInput.tsx(203,13): error TS2339: Property 'div' does not exist on type 'JSX.IntrinsicElements'.
components/SignalInput.tsx(204,11): error TS2339: Property 'div' does not exist on type 'JSX.IntrinsicElements'.
components/SignalInput.tsx(208,11): error TS2339: Property 'div' does not exist on type 'JSX.IntrinsicElements'.
components/SignalInput.tsx(209,13): error TS2339: Property 'div' does not exist on type 'JSX.IntrinsicElements'.
components/SignalInput.tsx(210,17): error TS2339: Property 'label' does not exist on type 'JSX.IntrinsicElements'.
components/SignalInput.tsx(210,109): error TS2339: Property 'label' does not exist on type 'JSX.IntrinsicElements'.
components/SignalInput.tsx(211,17): error TS2339: Property 'textarea' does not exist on type 'JSX.IntrinsicElements'.
components/SignalInput.tsx(217,13): error TS2339: Property 'div' does not exist on type 'JSX.IntrinsicElements'.
components/SignalInput.tsx(218,13): error TS2339: Property 'button' does not exist on type 'JSX.IntrinsicElements'.
components/SignalInput.tsx(223,13): error TS2339: Property 'button' does not exist on type 'JSX.IntrinsicElements'.
components/SignalInput.tsx(224,11): error TS2339: Property 'div' does not exist on type 'JSX.IntrinsicElements'.
components/SignalInput.tsx(226,7): error TS2339: Property 'div' does not exist on type 'JSX.IntrinsicElements'.
components/SignalInput.tsx(227,5): error TS2339: Property 'div' does not exist on type 'JSX.IntrinsicElements'.
components/Visualizer3D.tsx(14,3): error TS2339: Property 'group' does not exist on type 'JSX.IntrinsicElements'.
components/Visualizer3D.tsx(15,5): error TS2339: Property 'gridHelper' does not exist on type 'JSX.IntrinsicElements'.
components/Visualizer3D.tsx(16,5): error TS2339: Property 'axesHelper' does not exist on type 'JSX.IntrinsicElements'.
components/Visualizer3D.tsx(17,3): error TS2339: Property 'group' does not exist on type 'JSX.IntrinsicElements'.
components/Visualizer3D.tsx(40,5): error TS2339: Property 'div' does not exist on type 'JSX.IntrinsicElements'.
components/Visualizer3D.tsx(56,5): error TS2339: Property 'div' does not exist on type 'JSX.IntrinsicElements'.
components/Visualizer3D.tsx(108,7): error TS2339: Property 'ambientLight' does not exist on type 'JSX.IntrinsicElements'.
components/Visualizer3D.tsx(109,7): error TS2339: Property 'pointLight' does not exist on type 'JSX.IntrinsicElements'.
components/Visualizer3D.tsx(110,7): error TS2339: Property 'pointLight' does not exist on type 'JSX.IntrinsicElements'.
components/Visualizer3D.tsx(117,7): error TS2339: Property 'mesh' does not exist on type 'JSX.IntrinsicElements'.
components/Visualizer3D.tsx(118,9): error TS2339: Property 'planeGeometry' does not exist on type 'JSX.IntrinsicElements'.
components/Visualizer3D.tsx(119,9): error TS2339: Property 'meshStandardMaterial' does not exist on type 'JSX.IntrinsicElements'.
components/Visualizer3D.tsx(120,7): error TS2339: Property 'mesh' does not exist on type 'JSX.IntrinsicElements'.
components/Visualizer3D.tsx(124,9): error TS2339: Property 'group' does not exist on type 'JSX.IntrinsicElements'.
components/Visualizer3D.tsx(162,9): error TS2339: Property 'group' does not exist on type 'JSX.IntrinsicElements'.
components/Visualizer3D.tsx(168,7): error TS2339: Property 'group' does not exist on type 'JSX.IntrinsicElements'.
components/Visualizer3D.tsx(170,7): error TS2339: Property 'group' does not exist on type 'JSX.IntrinsicElements'.
components/Visualizer3D.tsx(174,9): error TS2339: Property 'group' does not exist on type 'JSX.IntrinsicElements'.
components/Visualizer3D.tsx(177,9): error TS2339: Property 'group' does not exist on type 'JSX.IntrinsicElements'.
components/Visualizer3D.tsx(188,5): error TS2339: Property 'div' does not exist on type 'JSX.IntrinsicElements'.
components/Visualizer3D.tsx(189,7): error TS2339: Property 'div' does not exist on type 'JSX.IntrinsicElements'.
components/Visualizer3D.tsx(193,7): error TS2339: Property 'div' does not exist on type 'JSX.IntrinsicElements'.
components/Visualizer3D.tsx(195,7): error TS2339: Property 'div' does not exist on type 'JSX.IntrinsicElements'.
components/Visualizer3D.tsx(196,9): error TS2339: Property 'div' does not exist on type 'JSX.IntrinsicElements'.
components/Visualizer3D.tsx(197,11): error TS2339: Property 'p' does not exist on type 'JSX.IntrinsicElements'.
components/Visualizer3D.tsx(197,134): error TS2339: Property 'p' does not exist on type 'JSX.IntrinsicElements'.
components/Visualizer3D.tsx(198,11): error TS2339: Property 'div' does not exist on type 'JSX.IntrinsicElements'.
components/Visualizer3D.tsx(199,13): error TS2339: Property 'div' does not exist on type 'JSX.IntrinsicElements'.
components/Visualizer3D.tsx(200,15): error TS2339: Property 'span' does not exist on type 'JSX.IntrinsicElements'.
components/Visualizer3D.tsx(200,105): error TS2339: Property 'span' does not exist on type 'JSX.IntrinsicElements'.
components/Visualizer3D.tsx(201,15): error TS2339: Property 'span' does not exist on type 'JSX.IntrinsicElements'.
components/Visualizer3D.tsx(201,66): error TS2339: Property 'span' does not exist on type 'JSX.IntrinsicElements'.
components/Visualizer3D.tsx(202,13): error TS2339: Property 'div' does not exist on type 'JSX.IntrinsicElements'.
components/Visualizer3D.tsx(203,13): error TS2339: Property 'div' does not exist on type 'JSX.IntrinsicElements'.
components/Visualizer3D.tsx(204,15): error TS2339: Property 'div' does not exist on type 'JSX.IntrinsicElements'.
components/Visualizer3D.tsx(205,17): error TS2339: Property 'div' does not exist on type 'JSX.IntrinsicElements'.
components/Visualizer3D.tsx(206,19): error TS2339: Property 'span' does not exist on type 'JSX.IntrinsicElements'.
components/Visualizer3D.tsx(206,69): error TS2339: Property 'span' does not exist on type 'JSX.IntrinsicElements'.
components/Visualizer3D.tsx(207,19): error TS2339: Property 'span' does not exist on type 'JSX.IntrinsicElements'.
components/Visualizer3D.tsx(207,85): error TS2339: Property 'span' does not exist on type 'JSX.IntrinsicElements'.
components/Visualizer3D.tsx(208,17): error TS2339: Property 'div' does not exist on type 'JSX.IntrinsicElements'.
components/Visualizer3D.tsx(209,17): error TS2339: Property 'div' does not exist on type 'JSX.IntrinsicElements'.
components/Visualizer3D.tsx(210,19): error TS2339: Property 'span' does not exist on type 'JSX.IntrinsicElements'.
components/Visualizer3D.tsx(210,86): error TS2339: Property 'span' does not exist on type 'JSX.IntrinsicElements'.
components/Visualizer3D.tsx(211,19): error TS2339: Property 'span' does not exist on type 'JSX.IntrinsicElements'.
components/Visualizer3D.tsx(211,79): error TS2339: Property 'span' does not exist on type 'JSX.IntrinsicElements'.
components/Visualizer3D.tsx(212,17): error TS2339: Property 'div' does not exist on type 'JSX.IntrinsicElements'.
components/Visualizer3D.tsx(213,15): error TS2339: Property 'div' does not exist on type 'JSX.IntrinsicElements'.
components/Visualizer3D.tsx(214,13): error TS2339: Property 'div' does not exist on type 'JSX.IntrinsicElements'.
components/Visualizer3D.tsx(215,11): error TS2339: Property 'div' does not exist on type 'JSX.IntrinsicElements'.
components/Visualizer3D.tsx(216,9): error TS2339: Property 'div' does not exist on type 'JSX.IntrinsicElements'.
components/Visualizer3D.tsx(217,9): error TS2339: Property 'div' does not exist on type 'JSX.IntrinsicElements'.
components/Visualizer3D.tsx(218,11): error TS2339: Property 'svg' does not exist on type 'JSX.IntrinsicElements'.
components/Visualizer3D.tsx(219,13): error TS2339: Property 'path' does not exist on type 'JSX.IntrinsicElements'.
components/Visualizer3D.tsx(220,11): error TS2339: Property 'svg' does not exist on type 'JSX.IntrinsicElements'.
components/Visualizer3D.tsx(222,9): error TS2339: Property 'div' does not exist on type 'JSX.IntrinsicElements'.
components/Visualizer3D.tsx(223,7): error TS2339: Property 'div' does not exist on type 'JSX.IntrinsicElements'.
components/Visualizer3D.tsx(224,5): error TS2339: Property 'div' does not exist on type 'JSX.IntrinsicElements'.
